// Vitest Snapshot v1, https://vitest.dev/guide/snapshot.html

exports[`Test > calls onClick when clicked 1`] = `undefined`;
