// Vitest Snapshot v1, https://vitest.dev/guide/snapshot.html

exports[`AiSession > no tools 1`] = `
[
  {
    "blocks": ReactiveArray [
      {
        "_tag": "text",
        "text": "Hello world!",
      },
    ],
    "created": "Sun, 20 Jul 2025 10:54:08 GMT",
    "id": "01K0KQGFTFV3GBKGEWZW67K8HK",
    "sender": {
      "role": "user",
    },
  },
  {
    "blocks": ReactiveArray [
      {
        "_tag": "text",
        "text": "Hi there! How can I help you today?",
      },
    ],
    "created": "2025-07-20T10:54:10.801Z",
    "id": "01K0KQGHVHJ37D4YG45WG090WV",
    "sender": {
      "role": "assistant",
    },
  },
]
`;
